// Jest Snapshot v1, https://goo.gl/fbAQLP

exports[`ignite-cli remove-demo should print the expected response 1`] = `
"   
   Removing demo code from '/user/home/ignite'
removing file /user/home/ignite/.maestro/FavoritePodcast.yaml
removing file /user/home/ignite/.maestro/Login.yaml
removing file /user/home/ignite/app/i18n/demo-ar.ts
removing file /user/home/ignite/app/i18n/demo-en.ts
removing file /user/home/ignite/app/i18n/demo-es.ts
removing file /user/home/ignite/app/i18n/demo-fr.ts
removing file /user/home/ignite/app/i18n/demo-hi.ts
removing file /user/home/ignite/app/i18n/demo-ja.ts
removing file /user/home/ignite/app/i18n/demo-ko.ts
removing file /user/home/ignite/app/models/AuthenticationStore.ts
removing file /user/home/ignite/app/models/Episode.test.ts
removing file /user/home/ignite/app/models/Episode.ts
removing file /user/home/ignite/app/models/EpisodeStore.ts
removing file /user/home/ignite/app/navigators/DemoNavigator.tsx
removing file /user/home/ignite/app/screens/DemoCommunityScreen.tsx
removing file /user/home/ignite/app/screens/DemoDebugScreen.tsx
removing file /user/home/ignite/app/screens/DemoPodcastListScreen.tsx
removing file /user/home/ignite/app/screens/DemoShowroomScreen/DemoDivider.tsx
removing file /user/home/ignite/app/screens/DemoShowroomScreen/DemoShowroomScreen.tsx
removing file /user/home/ignite/app/screens/DemoShowroomScreen/DemoUseCase.tsx
removing file /user/home/ignite/app/screens/DemoShowroomScreen/DrawerIconButton.tsx
removing file /user/home/ignite/app/screens/DemoShowroomScreen/SectionListWithKeyboardAwareScrollView.tsx
removing file /user/home/ignite/app/screens/DemoShowroomScreen/demos/DemoAutoImage.tsx
removing file /user/home/ignite/app/screens/DemoShowroomScreen/demos/DemoButton.tsx
removing file /user/home/ignite/app/screens/DemoShowroomScreen/demos/DemoCard.tsx
removing file /user/home/ignite/app/screens/DemoShowroomScreen/demos/DemoEmptyState.tsx
removing file /user/home/ignite/app/screens/DemoShowroomScreen/demos/DemoHeader.tsx
removing file /user/home/ignite/app/screens/DemoShowroomScreen/demos/DemoIcon.tsx
removing file /user/home/ignite/app/screens/DemoShowroomScreen/demos/DemoListItem.tsx
removing file /user/home/ignite/app/screens/DemoShowroomScreen/demos/DemoText.tsx
removing file /user/home/ignite/app/screens/DemoShowroomScreen/demos/DemoTextField.tsx
removing file /user/home/ignite/app/screens/DemoShowroomScreen/demos/DemoToggle.tsx
removing file /user/home/ignite/app/screens/DemoShowroomScreen/demos/index.ts
removing file /user/home/ignite/app/screens/LoginScreen.tsx
   Found 'remove-file' in /user/home/ignite/.maestro/FavoritePodcast.yaml
   Found 'remove-file' in /user/home/ignite/.maestro/Login.yaml
   Found '@demo remove-current-line' in /user/home/ignite/app/components/Icon.tsx
   Found '@demo remove-current-line', '@demo remove-block-start', '@demo remove-block-end' in /user/home/ignite/app/i18n/ar.ts
   Found 'remove-file' in /user/home/ignite/app/i18n/demo-ar.ts
   Found 'remove-file' in /user/home/ignite/app/i18n/demo-en.ts
   Found 'remove-file' in /user/home/ignite/app/i18n/demo-es.ts
   Found 'remove-file' in /user/home/ignite/app/i18n/demo-fr.ts
   Found 'remove-file' in /user/home/ignite/app/i18n/demo-hi.ts
   Found 'remove-file' in /user/home/ignite/app/i18n/demo-ja.ts
   Found 'remove-file' in /user/home/ignite/app/i18n/demo-ko.ts
   Found '@demo remove-current-line', '@demo remove-block-start', '@demo remove-block-end' in /user/home/ignite/app/i18n/en.ts
   Found '@demo remove-current-line', '@demo remove-block-start', '@demo remove-block-end' in /user/home/ignite/app/i18n/es.ts
   Found '@demo remove-current-line', '@demo remove-block-start', '@demo remove-block-end' in /user/home/ignite/app/i18n/fr.ts
   Found '@demo remove-current-line', '@demo remove-block-start', '@demo remove-block-end' in /user/home/ignite/app/i18n/hi.ts
   Found '@demo remove-current-line', '@demo remove-block-start', '@demo remove-block-end' in /user/home/ignite/app/i18n/ja.ts
   Found '@demo remove-current-line', '@demo remove-block-start', '@demo remove-block-end' in /user/home/ignite/app/i18n/ko.ts
   Found 'remove-file' in /user/home/ignite/app/models/AuthenticationStore.ts
   Found 'remove-file' in /user/home/ignite/app/models/Episode.test.ts
   Found 'remove-file' in /user/home/ignite/app/models/Episode.ts
   Found 'remove-file' in /user/home/ignite/app/models/EpisodeStore.ts
   Found '@demo remove-current-line' in /user/home/ignite/app/models/RootStore.ts
   Found '@demo remove-current-line', '@demo remove-block-start', '@demo remove-block-end' in /user/home/ignite/app/navigators/AppNavigator.tsx
   Found 'remove-file' in /user/home/ignite/app/navigators/DemoNavigator.tsx
   Found 'remove-file' in /user/home/ignite/app/screens/DemoCommunityScreen.tsx
   Found 'remove-file' in /user/home/ignite/app/screens/DemoDebugScreen.tsx
   Found 'remove-file' in /user/home/ignite/app/screens/DemoPodcastListScreen.tsx
   Found 'remove-file' in /user/home/ignite/app/screens/DemoShowroomScreen/DemoDivider.tsx
   Found 'remove-file' in /user/home/ignite/app/screens/DemoShowroomScreen/demos/DemoAutoImage.tsx
   Found 'remove-file' in /user/home/ignite/app/screens/DemoShowroomScreen/demos/DemoButton.tsx
   Found 'remove-file' in /user/home/ignite/app/screens/DemoShowroomScreen/demos/DemoCard.tsx
   Found 'remove-file' in /user/home/ignite/app/screens/DemoShowroomScreen/demos/DemoEmptyState.tsx
   Found 'remove-file' in /user/home/ignite/app/screens/DemoShowroomScreen/demos/DemoHeader.tsx
   Found 'remove-file' in /user/home/ignite/app/screens/DemoShowroomScreen/demos/DemoIcon.tsx
   Found 'remove-file' in /user/home/ignite/app/screens/DemoShowroomScreen/demos/DemoListItem.tsx
   Found 'remove-file' in /user/home/ignite/app/screens/DemoShowroomScreen/demos/DemoText.tsx
   Found 'remove-file' in /user/home/ignite/app/screens/DemoShowroomScreen/demos/DemoTextField.tsx
   Found 'remove-file' in /user/home/ignite/app/screens/DemoShowroomScreen/demos/DemoToggle.tsx
   Found 'remove-file' in /user/home/ignite/app/screens/DemoShowroomScreen/demos/index.ts
   Found 'remove-file' in /user/home/ignite/app/screens/DemoShowroomScreen/DemoShowroomScreen.tsx
   Found 'remove-file' in /user/home/ignite/app/screens/DemoShowroomScreen/DemoUseCase.tsx
   Found 'remove-file' in /user/home/ignite/app/screens/DemoShowroomScreen/DrawerIconButton.tsx
   Found 'remove-file' in /user/home/ignite/app/screens/DemoShowroomScreen/SectionListWithKeyboardAwareScrollView.tsx
   Found '@demo remove-block-start', '@demo remove-block-end' in /user/home/ignite/app/screens/index.ts
   Found 'remove-file' in /user/home/ignite/app/screens/LoginScreen.tsx
   Found '@demo remove-current-line', '@demo remove-block-start', '@demo remove-block-end' in /user/home/ignite/app/screens/WelcomeScreen.tsx
   Found '@demo remove-current-line', '@demo remove-block-start', '@demo remove-block-end' in /user/home/ignite/app/services/api/api.ts
   Found '@demo remove-current-line', '@demo remove-block-start', '@demo remove-block-end' in /user/home/ignite/app/theme/styles.ts
   Removed empty directory '/user/home/ignite/.maestro'
   Removed empty directory '/user/home/ignite/app/screens/DemoShowroomScreen/demos'
   Removed empty directory '/user/home/ignite/app/screens/DemoShowroomScreen'
   Removed demo directory '/user/home/ignite/assets/icons/demo'
   Removed demo directory '/user/home/ignite/assets/images/demo'
   Done removing demo code from '/user/home/ignite'
"
`;
